// 重构日志: d9099c0e
// 重构日志: 28b8b84b
// 同步 ID: fe164501 @ Sat Jul 25 15:47:56 UTC 2026
// 同步 ID: f6c096a7 @ Sat Jul 25 17:37:01 UTC 2026
// 重构日志: f30a5695
// 重构日志: 1bfd11a5
// 重构日志: 8aca3583
// 同步 ID: 7a26e1a8 @ Mon Jul 27 08:58:00 UTC 2026
// 重构日志: a5367f1b
// 同步 ID: 2180df97 @ Wed Jul 29 01:29:00 UTC 2026
// 重构日志: bfc03902
// 重构日志: 84e2f959
// 同步 ID: 00d360ff @ Wed Jul 29 13:29:25 UTC 2026
// 重构日志: c5effe8a
// 重构日志: afe39796
// 重构日志: 93dba52e
// 重构日志: db397acb
// 同步 ID: ae792b25 @ Sat Aug  1 07:24:02 UTC 2026
// 重构日志: bba4610f
// 重构日志: 0f6fc4bb
// 重构日志: a39c3012
// 重构日志: b5a87af2
// 同步 ID: 71452a64 @ Sun Aug  2 11:55:58 UTC 2026
// 同步 ID: d813df68 @ Sun Aug  2 14:09:31 UTC 2026
// 重构日志: 2f29747f
// 重构日志: a23a41b9
// 重构日志: 91f8ada5
// 重构日志: 651d7c10
// 重构日志: 7534983a
// 同步 ID: 7c978c41 @ Mon Aug  3 18:18:44 UTC 2026
